============================= test session starts ==============================
platform linux -- Python 3.11.14, pytest-9.0.1, pluggy-1.6.0 -- /home/suryaguru/.cache/pypoetry/virtualenvs/devforge-db-w8kaJ40k-py3.11/bin/python
cachedir: .pytest_cache
rootdir: /home/suryaguru/StudioProjects/final_devforge_db
configfile: pyproject.toml
plugins: anyio-4.11.0
collecting ... collected 12 items

tests/test_api_compliance.py::test_1_create_node PASSED                  [  8%]
tests/test_api_compliance.py::test_create_other_nodes PASSED             [ 16%]
tests/test_api_compliance.py::test_5_create_edge PASSED                  [ 25%]
tests/test_api_compliance.py::test_2_get_node PASSED                     [ 33%]
tests/test_api_compliance.py::test_3_update_node PASSED                  [ 41%]
tests/test_api_compliance.py::test_6_get_edge PASSED                     [ 50%]
tests/test_api_compliance.py::test_7_update_edge PASSED                  [ 58%]
tests/test_api_compliance.py::test_8_delete_edge PASSED                  [ 66%]
tests/test_api_compliance.py::test_4_delete_node PASSED                  [ 75%]
tests/test_api_compliance.py::test_9_vector_search PASSED                [ 83%]
tests/test_api_compliance.py::test_10_graph_search PASSED                [ 91%]
tests/test_api_compliance.py::test_11_hybrid_search PASSED               [100%]

=============================== warnings summary ===============================
tests/test_api_compliance.py: 27 warnings
  /home/suryaguru/.cache/pypoetry/virtualenvs/devforge-db-w8kaJ40k-py3.11/lib/python3.11/site-packages/chromadb/types.py:144: PydanticDeprecatedSince211: Accessing the 'model_fields' attribute on the instance is deprecated. Instead, you should access this attribute from the model class. Deprecated in Pydantic V2.11 to be removed in V3.0.
    return self.model_fields  # pydantic 2.x

-- Docs: https://docs.pytest.org/en/stable/how-to/capture-warnings.html
======================= 12 passed, 27 warnings in 11.11s =======================

STDERR:
The currently activated Python version 3.14.0 is not supported by the project (>=3.10.0,<3.12).
Trying to find and use a compatible version. 
Using python3.11 (3.11.14)
